// Jest Snapshot v1, https://goo.gl/fbAQLP

exports[`snapshot 1`] = `
<View
  style={
    Object {
      "alignItems": "center",
      "flex": 1,
      "justifyContent": "center",
    }
  }
>
  <Text
    style={
      Object {
        "color": "#252250",
        "fontSize": 40,
        "fontWeight": "bold",
        "marginBottom": 300,
      }
    }
  >
    Hello!
  </Text>
  <Image
    source={
      Object {
        "testUri": "../../../src/img/gateway.png",
      }
    }
    style={
      Object {
        "bottom": 200,
        "height": 250,
        "justifyContent": "center",
        "width": 250,
      }
    }
  />
  <View
    accessibilityLabel="Button to redirect to Dashboard"
    accessibilityRole="button"
    accessible={true}
    collapsable={false}
    focusable={true}
    nativeID="animatedComponent"
    onClick={[Function]}
    onResponderGrant={[Function]}
    onResponderMove={[Function]}
    onResponderRelease={[Function]}
    onResponderTerminate={[Function]}
    onResponderTerminationRequest={[Function]}
    onStartShouldSetResponder={[Function]}
    style={
      Object {
        "opacity": 1,
      }
    }
    testID="myBtn"
  >
    <View
      style={
        Array [
          Object {},
        ]
      }
    >
      <Text
        style={
          Array [
            Object {
              "color": "#007AFF",
              "fontSize": 18,
              "margin": 8,
              "textAlign": "center",
            },
            Object {
              "color": "#252250",
            },
          ]
        }
      >
        Login
      </Text>
    </View>
  </View>
</View>
`;
